// Jest Snapshot v1, https://goo.gl/fbAQLP

exports[`Storyshots Welcome Welcome 1`] = `
<p>
  Welcome to Storybook for Spot
</p>
`;
